// Jest Snapshot v1, https://goo.gl/fbAQLP

exports[`render home should render home 1`] = `
<div>
  <div class="">
    <h1>Add User</h1>
    <br>
    <p>Form</p>
    <br>
    <label for="name">name</label>
    <br>
    <input id="name" type="text">
    <br>
    <br><label for="email">email</label>
    <br><input id="email" type="email">
    <br><br>
    <label for="password">password</label>
    <br>
    <input id="password" type="password">
    <br><br>
    <button class="primary">Save</button>
  </div>
</div>
`;
